Archive member included to satisfy reference by file (symbol)

c:/program files (x86)/atmel/studio/7.0/toolchain/arm/arm-gnu-toolchain/bin/../lib/gcc/arm-none-eabi/6.3.1/../../../../arm-none-eabi/lib/thumb/v7-m\libc.a(lib_a-exit.o)
                              c:/program files (x86)/atmel/studio/7.0/toolchain/arm/arm-gnu-toolchain/bin/../lib/gcc/arm-none-eabi/6.3.1/../../../../arm-none-eabi/lib/thumb/v7-m/crt0.o (exit)
c:/program files (x86)/atmel/studio/7.0/toolchain/arm/arm-gnu-toolchain/bin/../lib/gcc/arm-none-eabi/6.3.1/../../../../arm-none-eabi/lib/thumb/v7-m\libc.a(lib_a-impure.o)
                              c:/program files (x86)/atmel/studio/7.0/toolchain/arm/arm-gnu-toolchain/bin/../lib/gcc/arm-none-eabi/6.3.1/../../../../arm-none-eabi/lib/thumb/v7-m\libc.a(lib_a-exit.o) (_global_impure_ptr)
c:/program files (x86)/atmel/studio/7.0/toolchain/arm/arm-gnu-toolchain/bin/../lib/gcc/arm-none-eabi/6.3.1/../../../../arm-none-eabi/lib/thumb/v7-m\libc.a(lib_a-init.o)
                              c:/program files (x86)/atmel/studio/7.0/toolchain/arm/arm-gnu-toolchain/bin/../lib/gcc/arm-none-eabi/6.3.1/../../../../arm-none-eabi/lib/thumb/v7-m/crt0.o (__libc_init_array)
c:/program files (x86)/atmel/studio/7.0/toolchain/arm/arm-gnu-toolchain/bin/../lib/gcc/arm-none-eabi/6.3.1/../../../../arm-none-eabi/lib/thumb/v7-m\libc.a(lib_a-memset.o)
                              c:/program files (x86)/atmel/studio/7.0/toolchain/arm/arm-gnu-toolchain/bin/../lib/gcc/arm-none-eabi/6.3.1/../../../../arm-none-eabi/lib/thumb/v7-m/crt0.o (memset)
c:/program files (x86)/atmel/studio/7.0/toolchain/arm/arm-gnu-toolchain/bin/../lib/gcc/arm-none-eabi/6.3.1/../../../../arm-none-eabi/lib/thumb/v7-m\libc.a(lib_a-__call_atexit.o)
                              c:/program files (x86)/atmel/studio/7.0/toolchain/arm/arm-gnu-toolchain/bin/../lib/gcc/arm-none-eabi/6.3.1/../../../../arm-none-eabi/lib/thumb/v7-m\libc.a(lib_a-exit.o) (__call_exitprocs)
c:/program files (x86)/atmel/studio/7.0/toolchain/arm/arm-gnu-toolchain/bin/../lib/gcc/arm-none-eabi/6.3.1/../../../../arm-none-eabi/lib/thumb/v7-m\libc.a(lib_a-atexit.o)
                              c:/program files (x86)/atmel/studio/7.0/toolchain/arm/arm-gnu-toolchain/bin/../lib/gcc/arm-none-eabi/6.3.1/../../../../arm-none-eabi/lib/thumb/v7-m\libc.a(lib_a-__call_atexit.o) (atexit)
c:/program files (x86)/atmel/studio/7.0/toolchain/arm/arm-gnu-toolchain/bin/../lib/gcc/arm-none-eabi/6.3.1/../../../../arm-none-eabi/lib/thumb/v7-m\libc.a(lib_a-fini.o)
                              c:/program files (x86)/atmel/studio/7.0/toolchain/arm/arm-gnu-toolchain/bin/../lib/gcc/arm-none-eabi/6.3.1/../../../../arm-none-eabi/lib/thumb/v7-m\libc.a(lib_a-__call_atexit.o) (__libc_fini_array)
c:/program files (x86)/atmel/studio/7.0/toolchain/arm/arm-gnu-toolchain/bin/../lib/gcc/arm-none-eabi/6.3.1/../../../../arm-none-eabi/lib/thumb/v7-m\libc.a(lib_a-lock.o)
                              c:/program files (x86)/atmel/studio/7.0/toolchain/arm/arm-gnu-toolchain/bin/../lib/gcc/arm-none-eabi/6.3.1/../../../../arm-none-eabi/lib/thumb/v7-m\libc.a(lib_a-__call_atexit.o) (__retarget_lock_acquire_recursive)
c:/program files (x86)/atmel/studio/7.0/toolchain/arm/arm-gnu-toolchain/bin/../lib/gcc/arm-none-eabi/6.3.1/../../../../arm-none-eabi/lib/thumb/v7-m\libc.a(lib_a-__atexit.o)
                              c:/program files (x86)/atmel/studio/7.0/toolchain/arm/arm-gnu-toolchain/bin/../lib/gcc/arm-none-eabi/6.3.1/../../../../arm-none-eabi/lib/thumb/v7-m\libc.a(lib_a-atexit.o) (__register_exitproc)

Allocating common symbols
Common symbol       size              file

__lock___atexit_recursive_mutex
                    0x1               c:/program files (x86)/atmel/studio/7.0/toolchain/arm/arm-gnu-toolchain/bin/../lib/gcc/arm-none-eabi/6.3.1/../../../../arm-none-eabi/lib/thumb/v7-m\libc.a(lib_a-lock.o)
__lock___arc4random_mutex
                    0x1               c:/program files (x86)/atmel/studio/7.0/toolchain/arm/arm-gnu-toolchain/bin/../lib/gcc/arm-none-eabi/6.3.1/../../../../arm-none-eabi/lib/thumb/v7-m\libc.a(lib_a-lock.o)
__lock___env_recursive_mutex
                    0x1               c:/program files (x86)/atmel/studio/7.0/toolchain/arm/arm-gnu-toolchain/bin/../lib/gcc/arm-none-eabi/6.3.1/../../../../arm-none-eabi/lib/thumb/v7-m\libc.a(lib_a-lock.o)
__lock___sinit_recursive_mutex
                    0x1               c:/program files (x86)/atmel/studio/7.0/toolchain/arm/arm-gnu-toolchain/bin/../lib/gcc/arm-none-eabi/6.3.1/../../../../arm-none-eabi/lib/thumb/v7-m\libc.a(lib_a-lock.o)
__lock___malloc_recursive_mutex
                    0x1               c:/program files (x86)/atmel/studio/7.0/toolchain/arm/arm-gnu-toolchain/bin/../lib/gcc/arm-none-eabi/6.3.1/../../../../arm-none-eabi/lib/thumb/v7-m\libc.a(lib_a-lock.o)
rx_buffer           0x42              uart.o
__lock___at_quick_exit_mutex
[...]
Memory Configuration

Name             Origin             Length             Attributes
rom              0x00080000         0x00080000         xr
ram              0x20000000         0x00018000         xrw
*default*        0x00000000         0xffffffff

Linker script and memory map

LOAD c:/program files (x86)/atmel/studio/7.0/toolchain/arm/arm-gnu-toolchain/bin/../lib/gcc/arm-none-eabi/6.3.1/thumb/v7-m/crti.o
LOAD c:/program files (x86)/atmel/studio/7.0/toolchain/arm/arm-gnu-toolchain/bin/../lib/gcc/arm-none-eabi/6.3.1/thumb/v7-m/crtbegin.o
LOAD c:/program files (x86)/atmel/studio/7.0/toolchain/arm/arm-gnu-toolchain/bin/../lib/gcc/arm-none-eabi/6.3.1/../../../../arm-none-eabi/lib/thumb/v7-m/crt0.o
LOAD can_controller.o
LOAD can_interrupt.o
LOAD Device_Startup/startup_sam3xa.o
LOAD Device_Startup/system_sam3xa.o
LOAD main.o
LOAD printf-stdarg.o
LOAD sam_led.o
LOAD uart.o
START GROUP
LOAD c:/program files (x86)/atmel/studio/7.0/toolchain/arm/arm-gnu-toolchain/bin/../lib/gcc/arm-none-eabi/6.3.1/../../../../arm-none-eabi/lib/thumb/v7-m\libm.a
END GROUP
START GROUP
LOAD c:/program files (x86)/atmel/studio/7.0/toolchain/arm/arm-gnu-toolchain/bin/../lib/gcc/arm-none-eabi/6.3.1/thumb/v7-m\libgcc.a
LOAD c:/program files (x86)/atmel/studio/7.0/toolchain/arm/arm-gnu-toolchain/bin/../lib/gcc/arm-none-eabi/6.3.1/../../../../arm-none-eabi/lib/thumb/v7-m\libc.a
END GROUP
LOAD c:/program files (x86)/atmel/studio/7.0/toolchain/arm/arm-gnu-toolchain/bin/../lib/gcc/arm-none-eabi/6.3.1/thumb/v7-m/crtend.o
LOAD c:/program files (x86)/atmel/studio/7.0/toolchain/arm/arm-gnu-toolchain/bin/../lib/gcc/arm-none-eabi/6.3.1/thumb/v7-m/crtn.o
                0x00000400                STACK_SIZE = DEFINED (STACK_SIZE)?STACK_SIZE:0x400
                0x00000200                HEAP_SIZE = DEFINED (HEAP_SIZE)?HEAP_SIZE:0x200

.text           0x00080000      0xb30
                0x00080000                . = ALIGN (0x4)
                0x00080000                _sfixed = .
 *(.vectors .vectors.*)
 .vectors       0x00080000       0xf4 Device_Startup/startup_sam3xa.o
                0x00080000                exception_table
 *(.text .text.* .gnu.linkonce.t.*)
 .text          0x000800f4       0x6c c:/program files (x86)/atmel/studio/7.0/toolchain/arm/arm-gnu-toolchain/bin/../lib/gcc/arm-none-eabi/6.3.1/thumb/v7-m/crtbegin.o
 .text.can_init
                0x00080160       0xe4 can_controller.o
                0x00080160                can_init
 .text.can_init_def_tx_rx_mb
                0x00080244       0x10 can_controller.o
                0x00080244                can_init_def_tx_rx_mb
 .text.can_send
                0x00080254       0x8c can_controller.o
                0x00080254                can_send
 .text.can_receive
                0x000802e0       0x84 can_controller.o
                0x000802e0                can_receive
 .text.CAN0_Handler
                0x00080364       0x70 can_interrupt.o
                0x00080364                CAN0_Handler
 .text.Dummy_Handler
                0x000803d4        0x2 Device_Startup/startup_sam3xa.o
                0x000803d4                DACC_Handler
                0x000803d4                DebugMon_Handler
                0x000803d4                DMAC_Handler
                0x000803d4                TRNG_Handler
                0x000803d4                HardFault_Handler
                0x000803d4                TC2_Handler
                0x000803d4                SysTick_Handler
                0x000803d4                USART3_Handler
                0x000803d4                TWI1_Handler
                0x000803d4                PendSV_Handler
                0x000803d4                NMI_Handler
                0x000803d4                TC7_Handler
                0x000803d4                ADC_Handler
                0x000803d4                SMC_Handler
                0x000803d4                USART0_Handler
                0x000803d4                RTT_Handler
                0x000803d4                EFC1_Handler
                0x000803d4                PIOB_Handler
                0x000803d4                RTC_Handler
                0x000803d4                UsageFault_Handler
                0x000803d4                TC6_Handler
                0x000803d4                WDT_Handler
                0x000803d4                TC4_Handler
                0x000803d4                TC1_Handler
                0x000803d4                HSMCI_Handler
                0x000803d4                TC3_Handler
                0x000803d4                Dummy_Handler
                0x000803d4                TWI0_Handler
                0x000803d4                USART1_Handler
                0x000803d4                PIOA_Handler
                0x000803d4                SSC_Handler
                0x000803d4                EFC0_Handler
                0x000803d4                PMC_Handler
                0x000803d4                PWM_Handler
                0x000803d4                CAN1_Handler
                0x000803d4                MemManage_Handler
                0x000803d4                SUPC_Handler
                0x000803d4                SVC_Handler
                0x000803d4                TC8_Handler
                0x000803d4                USART2_Handler
                0x000803d4                PIOD_Handler
                0x000803d4                EMAC_Handler
                0x000803d4                PIOC_Handler
                0x000803d4                BusFault_Handler
                0x000803d4                RSTC_Handler
                0x000803d4                TC0_Handler
                0x000803d4                TC5_Handler
                0x000803d4                UOTGHS_Handler
                0x000803d4                SPI0_Handler
 *fill*         0x000803d6        0x2 
 .text.Reset_Handler
                0x000803d8       0x6c Device_Startup/startup_sam3xa.o
                0x000803d8                Reset_Handler
 .text.SystemInit
                0x00080444       0xa4 Device_Startup/system_sam3xa.o
                0x00080444                SystemInit
 .text.main     0x000804e8       0x84 main.o
                0x000804e8                main
 .text.printchar
                0x0008056c       0x10 printf-stdarg.o
 .text.prints   0x0008057c       0x84 printf-stdarg.o
 .text.printi   0x00080600       0xac printf-stdarg.o
 .text.print    0x000806ac      0x150 printf-stdarg.o
 .text.printf   0x000807fc       0x24 printf-stdarg.o
                0x000807fc                printf
 .text.led_init
                0x00080820       0x28 sam_led.o
                0x00080820                led_init
 .text.configure_uart
                0x00080848       0x68 uart.o
                0x00080848                configure_uart
 .text.uart_putchar
                0x000808b0       0x24 uart.o
                0x000808b0                uart_putchar
 .text.UART_Handler
                0x000808d4       0x68 uart.o
                0x000808d4                UART_Handler
 .text.__libc_init_array
                0x0008093c       0x50 c:/program files (x86)/atmel/studio/7.0/toolchain/arm/arm-gnu-toolchain/bin/../lib/gcc/arm-none-eabi/6.3.1/../../../../arm-none-eabi/lib/thumb/v7-m\libc.a(lib_a-init.o)
                0x0008093c                __libc_init_array
 .text.startup.register_fini
                0x0008098c       0x14 c:/program files (x86)/atmel/studio/7.0/toolchain/arm/arm-gnu-toolchain/bin/../lib/gcc/arm-none-eabi/6.3.1/../../../../arm-none-eabi/lib/thumb/v7-m\libc.a(lib_a-__call_atexit.o)
 .text.atexit   0x000809a0        0xc c:/program files (x86)/atmel/studio/7.0/toolchain/arm/arm-gnu-toolchain/bin/../lib/gcc/arm-none-eabi/6.3.1/../../../../arm-none-eabi/lib/thumb/v7-m\libc.a(lib_a-atexit.o)
                0x000809a0                atexit
 .text.__libc_fini_array
                0x000809ac       0x34 c:/program files (x86)/atmel/studio/7.0/toolchain/arm/arm-gnu-toolchain/bin/../lib/gcc/arm-none-eabi/6.3.1/../../../../arm-none-eabi/lib/thumb/v7-m\libc.a(lib_a-fini.o)
                0x000809ac                __libc_fini_array
 .text.__retarget_lock_acquire_recursive
                0x000809e0        0x4 c:/program files (x86)/atmel/studio/7.0/toolchain/arm/arm-gnu-toolchain/bin/../lib/gcc/arm-none-eabi/6.3.1/../../../../arm-none-eabi/lib/thumb/v7-m\libc.a(lib_a-lock.o)
                0x000809e0                __retarget_lock_acquire_recursive
 .text.__retarget_lock_release_recursive
                0x000809e4        0x4 c:/program files (x86)/atmel/studio/7.0/toolchain/arm/arm-gnu-toolchain/bin/../lib/gcc/arm-none-eabi/6.3.1/../../../../arm-none-eabi/lib/thumb/v7-m\libc.a(lib_a-lock.o)
                0x000809e4                __retarget_lock_release_recursive
 .text.__register_exitproc
                0x000809e8       0xc4 c:/program files (x86)/atmel/studio/7.0/toolchain/arm/arm-gnu-toolchain/bin/../lib/gcc/arm-none-eabi/6.3.1/../../../../arm-none-eabi/lib/thumb/v7-m\libc.a(lib_a-__atexit.o)
                0x000809e8                __register_exitproc
 *(.glue_7t)
 .glue_7t       0x00080aac        0x0 linker stubs
 *(.glue_7)
 .glue_7        0x00080aac        0x0 linker stubs
 *(.rodata .rodata* .gnu.linkonce.r.*)
 .rodata.str1.4
                0x00080aac       0x2b can_interrupt.o
 *fill*         0x00080ad7        0x1 
 .rodata.str1.4
                0x00080ad8        0x6 main.o
 *fill*         0x00080ade        0x2 
 .rodata.str1.4
                0x00080ae0        0x7 printf-stdarg.o
 *fill*         0x00080ae7        0x1 
 .rodata.str1.4
                0x00080ae8       0x20 uart.o
                                 0x1e (size before relaxing)
 .rodata._global_impure_ptr
                0x00080b08        0x4 c:/program files (x86)/atmel/studio/7.0/toolchain/arm/arm-gnu-toolchain/bin/../lib/gcc/arm-none-eabi/6.3.1/../../../../arm-none-eabi/lib/thumb/v7-m\libc.a(lib_a-impure.o)
                0x00080b08                _global_impure_ptr
 *(.ARM.extab* .gnu.linkonce.armextab.*)
                0x00080b0c                . = ALIGN (0x4)
 *(.init)
 .init          0x00080b0c        0x4 c:/program files (x86)/atmel/studio/7.0/toolchain/arm/arm-gnu-toolchain/bin/../lib/gcc/arm-none-eabi/6.3.1/thumb/v7-m/crti.o
                0x00080b0c                _init
 .init          0x00080b10        0x8 c:/program files (x86)/atmel/studio/7.0/toolchain/arm/arm-gnu-toolchain/bin/../lib/gcc/arm-none-eabi/6.3.1/thumb/v7-m/crtn.o
                0x00080b18                . = ALIGN (0x4)
                0x00080b18                __preinit_array_start = .
 *(.preinit_array)
                0x00080b18                __preinit_array_end = .
                0x00080b18                . = ALIGN (0x4)
                0x00080b18                __init_array_start = .
 *(SORT(.init_array.*))
 .init_array.00000
                0x00080b18        0x4 c:/program files (x86)/atmel/studio/7.0/toolchain/arm/arm-gnu-toolchain/bin/../lib/gcc/arm-none-eabi/6.3.1/../../../../arm-none-eabi/lib/thumb/v7-m\libc.a(lib_a-__call_atexit.o)
 *(.init_array)
 .init_array    0x00080b1c        0x4 c:/program files (x86)/atmel/studio/7.0/toolchain/arm/arm-gnu-toolchain/bin/../lib/gcc/arm-none-eabi/6.3.1/thumb/v7-m/crtbegin.o
                0x00080b20                __init_array_end = .
                0x00080b20                . = ALIGN (0x4)
 *crtbegin.o(.ctors)
 *(EXCLUDE_FILE(*crtend.o) .ctors)
 *(SORT(.ctors.*))
 *crtend.o(.ctors)
                0x00080b20                . = ALIGN (0x4)
 *(.fini)
 .fini          0x00080b20        0x4 c:/program files (x86)/atmel/studio/7.0/toolchain/arm/arm-gnu-toolchain/bin/../lib/gcc/arm-none-eabi/6.3.1/thumb/v7-m/crti.o
                0x00080b20                _fini
 .fini          0x00080b24        0x8 c:/program files (x86)/atmel/studio/7.0/toolchain/arm/arm-gnu-toolchain/bin/../lib/gcc/arm-none-eabi/6.3.1/thumb/v7-m/crtn.o
                0x00080b2c                . = ALIGN (0x4)
                0x00080b2c                __fini_array_start = .
 *(.fini_array)
 .fini_array    0x00080b2c        0x4 c:/program files (x86)/atmel/studio/7.0/toolchain/arm/arm-gnu-toolchain/bin/../lib/gcc/arm-none-eabi/6.3.1/thumb/v7-m/crtbegin.o
 *(SORT(.fini_array.*))
                0x00080b30                __fini_array_end = .
 *crtbegin.o(.dtors)
 *(EXCLUDE_FILE(*crtend.o) .dtors)
 *(SORT(.dtors.*))
 *crtend.o(.dtors)
                0x00080b30                . = ALIGN (0x4)
                0x00080b30                _efixed = .
                [!provide]                PROVIDE (__exidx_start, .)

.vfp11_veneer   0x00080b30        0x0
 .vfp11_veneer  0x00080b30        0x0 linker stubs

.v4_bx          0x00080b30        0x0
 .v4_bx         0x00080b30        0x0 linker stubs

.iplt           0x00080b30        0x0
 .iplt          0x00080b30        0x0 c:/program files (x86)/atmel/studio/7.0/toolchain/arm/arm-gnu-toolchain/bin/../lib/gcc/arm-none-eabi/6.3.1/thumb/v7-m/crtbegin.o

.eh_frame       0x00080b30        0x0
 .eh_frame      0x00080b30        0x0 c:/program files (x86)/atmel/studio/7.0/toolchain/arm/arm-gnu-toolchain/bin/../lib/gcc/arm-none-eabi/6.3.1/thumb/v7-m/crtbegin.o

.rel.dyn        0x00080b30        0x0
 .rel.iplt      0x00080b30        0x0 c:/program files (x86)/atmel/studio/7.0/toolchain/arm/arm-gnu-toolchain/bin/../lib/gcc/arm-none-eabi/6.3.1/thumb/v7-m/crtbegin.o

.jcr            0x00080b30        0x0
 .jcr           0x00080b30        0x0 c:/program files (x86)/atmel/studio/7.0/toolchain/arm/arm-gnu-toolchain/bin/../lib/gcc/arm-none-eabi/6.3.1/thumb/v7-m/crtbegin.o

.igot.plt       0x00080b30        0x0
 .igot.plt      0x00080b30        0x0 c:/program files (x86)/atmel/studio/7.0/toolchain/arm/arm-gnu-toolchain/bin/../lib/gcc/arm-none-eabi/6.3.1/thumb/v7-m/crtbegin.o

.ARM.exidx
 *(.ARM.exidx* .gnu.linkonce.armexidx.*)
                [!provide]                PROVIDE (__exidx_end, .)
                0x00080b30                . = ALIGN (0x4)
                0x00080b30                _etext = .

.relocate       0x20000000      0x434 load address 0x00080b30
                0x20000000                . = ALIGN (0x4)
                0x20000000                _srelocate = .
 *(.ramfunc .ramfunc.*)
 *(.data .data.*)
 .data          0x20000000        0x4 Device_Startup/system_sam3xa.o
                0x20000000                SystemCoreClock
 *fill*         0x20000004        0x4 
 .data.impure_data
                0x20000008      0x428 c:/program files (x86)/atmel/studio/7.0/toolchain/arm/arm-gnu-toolchain/bin/../lib/gcc/arm-none-eabi/6.3.1/../../../../arm-none-eabi/lib/thumb/v7-m\libc.a(lib_a-impure.o)
 .data.__atexit_recursive_mutex
                0x20000430        0x4 c:/program files (x86)/atmel/studio/7.0/toolchain/arm/arm-gnu-toolchain/bin/../lib/gcc/arm-none-eabi/6.3.1/../../../../arm-none-eabi/lib/thumb/v7-m\libc.a(lib_a-__call_atexit.o)
                0x20000430                __atexit_recursive_mutex
                0x20000434                . = ALIGN (0x4)
                0x20000434                _erelocate = .

.bss            0x20000434       0x84 load address 0x00080f64
                0x20000434                . = ALIGN (0x4)
                0x20000434                _sbss = .
                0x20000434                _szero = .
 *(.bss .bss.*)
 .bss           0x20000434       0x1c c:/program files (x86)/atmel/studio/7.0/toolchain/arm/arm-gnu-toolchain/bin/../lib/gcc/arm-none-eabi/6.3.1/thumb/v7-m/crtbegin.o
 *(COMMON)
 COMMON         0x20000450       0x42 uart.o
                0x20000450                rx_buffer
 *fill*         0x20000492        0x2 
 COMMON         0x20000494       0x21 c:/program files (x86)/atmel/studio/7.0/toolchain/arm/arm-gnu-toolchain/bin/../lib/gcc/arm-none-eabi/6.3.1/../../../../arm-none-eabi/lib/thumb/v7-m\libc.a(lib_a-lock.o)
                0x20000494                __lock___atexit_recursive_mutex
                0x20000498                __lock___arc4random_mutex
                0x2000049c                __lock___env_recursive_mutex
                0x200004a0                __lock___sinit_recursive_mutex
                0x200004a4                __lock___malloc_recursive_mutex
                0x200004a8                __lock___at_quick_exit_mutex
                0x200004ac                __lock___dd_hash_mutex
                0x200004b0                __lock___tz_mutex
                0x200004b4                __lock___sfp_recursive_mutex
                0x200004b8                . = ALIGN (0x4)
 *fill*         0x200004b5        0x3 
                0x200004b8                _ebss = .
                0x200004b8                _ezero = .

.stack          0x200004b8      0x400 load address 0x00080fe8
                0x200004b8                . = ALIGN (0x8)
                0x200004b8                _sstack = .
                0x200008b8                . = (. + STACK_SIZE)
 *fill*         0x200004b8      0x400 
                0x200008b8                . = ALIGN (0x8)
                0x200008b8                _estack = .

.heap           0x200008b8      0x200 load address 0x000813e8
                0x200008b8                . = ALIGN (0x8)
                0x200008b8                _sheap = .
                0x20000ab8                . = (. + HEAP_SIZE)
 *fill*         0x200008b8      0x200 
                0x20000ab8                . = ALIGN (0x8)
                0x20000ab8                _eheap = .
                0x20000ab8                . = ALIGN (0x4)
                0x20000ab8                _end = .
                0x20017fff                _ram_end_ = ((ORIGIN (ram) + LENGTH (ram)) - 0x1)
OUTPUT(GccApplication3.elf elf32-littlearm)

.ARM.attributes
                0x00000000       0x29
 .ARM.attributes
                0x00000000       0x1d c:/program files (x86)/atmel/studio/7.0/toolchain/arm/arm-gnu-toolchain/bin/../lib/gcc/arm-none-eabi/6.3.1/thumb/v7-m/crti.o
 .ARM.attributes
                0x0000001d       0x2d c:/program files (x86)/atmel/studio/7.0/toolchain/arm/arm-gnu-toolchain/bin/../lib/gcc/arm-none-eabi/6.3.1/thumb/v7-m/crtbegin.o
 .ARM.attributes
                0x0000004a       0x33 can_controller.o
 .ARM.attributes
                0x0000007d       0x33 can_interrupt.o
 .ARM.attributes
                0x000000b0       0x33 Device_Startup/startup_sam3xa.o
 .ARM.attributes
                0x000000e3       0x33 Device_Startup/system_sam3xa.o
 .ARM.attributes
                0x00000116       0x33 main.o
 .ARM.attributes
                0x00000149       0x33 printf-stdarg.o
 .ARM.attributes
                0x0000017c       0x33 sam_led.o
 .ARM.attributes
                0x000001af       0x33 uart.o
 .ARM.attributes
                0x000001e2       0x2d c:/program files (x86)/atmel/studio/7.0/toolchain/arm/arm-gnu-toolchain/bin/../lib/gcc/arm-none-eabi/6.3.1/../../../../arm-none-eabi/lib/thumb/v7-m\libc.a(lib_a-impure.o)
 .ARM.attributes
                0x0000020f       0x2d c:/program files (x86)/atmel/studio/7.0/toolchain/arm/arm-gnu-toolchain/bin/../lib/gcc/arm-none-eabi/6.3.1/../../../../arm-none-eabi/lib/thumb/v7-m\libc.a(lib_a-init.o)
 .ARM.attributes
                0x0000023c       0x2d c:/program files (x86)/atmel/studio/7.0/toolchain/arm/arm-gnu-toolchain/bin/../lib/gcc/arm-none-eabi/6.3.1/../../../../arm-none-eabi/lib/thumb/v7-m\libc.a(lib_a-__call_atexit.o)
 .ARM.attributes
                0x00000269       0x2d c:/program files (x86)/atmel/studio/7.0/toolchain/arm/arm-gnu-toolchain/bin/../lib/gcc/arm-none-eabi/6.3.1/../../../../arm-none-eabi/lib/thumb/v7-m\libc.a(lib_a-atexit.o)
 .ARM.attributes
                0x00000296       0x2d c:/program files (x86)/atmel/studio/7.0/toolchain/arm/arm-gnu-toolchain/bin/../lib/gcc/arm-none-eabi/6.3.1/../../../../arm-none-eabi/lib/thumb/v7-m\libc.a(lib_a-fini.o)
 .ARM.attributes
                0x000002c3       0x2d c:/program files (x86)/atmel/studio/7.0/toolchain/arm/arm-gnu-toolchain/bin/../lib/gcc/arm-none-eabi/6.3.1/../../../../arm-none-eabi/lib/thumb/v7-m\libc.a(lib_a-lock.o)
 .ARM.attributes
                0x000002f0       0x2d c:/program files (x86)/atmel/studio/7.0/toolchain/arm/arm-gnu-toolchain/bin/../lib/gcc/arm-none-eabi/6.3.1/../../../../arm-none-eabi/lib/thumb/v7-m\libc.a(lib_a-__atexit.o)
 .ARM.attributes
                0x0000031d       0x1d c:/program files (x86)/atmel/studio/7.0/toolchain/arm/arm-gnu-toolchain/bin/../lib/gcc/arm-none-eabi/6.3.1/thumb/v7-m/crtn.o

.comment        0x00000000       0x59
 .comment       0x00000000       0x59 can_controller.o
                                 0x5a (size before relaxing)
 .comment       0x00000059       0x5a can_interrupt.o
 .comment       0x00000059       0x5a Device_Startup/startup_sam3xa.o
 .comment       0x00000059       0x5a Device_Startup/system_sam3xa.o
 .comment       0x00000059       0x5a main.o
 .comment       0x00000059       0x5a printf-stdarg.o
 .comment       0x00000059       0x5a sam_led.o
 .comment       0x00000059       0x5a uart.o

.debug_info     0x00000000     0x462c
 .debug_info    0x00000000      0xd68 can_controller.o
 .debug_info    0x00000d68      0xf81 can_interrupt.o
 .debug_info    0x00001ce9      0x74e Device_Startup/startup_sam3xa.o
 .debug_info    0x00002437      0x444 Device_Startup/system_sam3xa.o
 .debug_info    0x0000287b      0x493 main.o
 .debug_info    0x00002d0e      0x60b printf-stdarg.o
 .debug_info    0x00003319      0x6c8 sam_led.o
 .debug_info    0x000039e1      0xc4b uart.o

.debug_abbrev   0x00000000      0xcfb
 .debug_abbrev  0x00000000      0x212 can_controller.o
 .debug_abbrev  0x00000212      0x2bb can_interrupt.o
 .debug_abbrev  0x000004cd      0x153 Device_Startup/startup_sam3xa.o
 .debug_abbrev  0x00000620      0x102 Device_Startup/system_sam3xa.o
 .debug_abbrev  0x00000722      0x13e main.o
 .debug_abbrev  0x00000860      0x194 printf-stdarg.o
 .debug_abbrev  0x000009f4       0xcc sam_led.o
 .debug_abbrev  0x00000ac0      0x23b uart.o

.debug_loc      0x00000000      0xd78
 .debug_loc     0x00000000      0x2b5 can_controller.o
 .debug_loc     0x000002b5       0x7f can_interrupt.o
 .debug_loc     0x00000334       0x78 Device_Startup/startup_sam3xa.o
 .debug_loc     0x000003ac       0x2c main.o
 .debug_loc     0x000003d8      0x8d2 printf-stdarg.o
 .debug_loc     0x00000caa       0xce uart.o

.debug_aranges  0x00000000      0x178
 .debug_aranges
                0x00000000       0x38 can_controller.o
 .debug_aranges
                0x00000038       0x20 can_interrupt.o
 .debug_aranges
                0x00000058       0x28 Device_Startup/startup_sam3xa.o
 .debug_aranges
                0x00000080       0x30 Device_Startup/system_sam3xa.o
 .debug_aranges
                0x000000b0       0x20 main.o
 .debug_aranges
                0x000000d0       0x50 printf-stdarg.o
 .debug_aranges
                0x00000120       0x20 sam_led.o
 .debug_aranges
                0x00000140       0x38 uart.o

.debug_ranges   0x00000000      0x128
 .debug_ranges  0x00000000       0x28 can_controller.o
 .debug_ranges  0x00000028       0x28 can_interrupt.o
 .debug_ranges  0x00000050       0x18 Device_Startup/startup_sam3xa.o
 .debug_ranges  0x00000068       0x20 Device_Startup/system_sam3xa.o
 .debug_ranges  0x00000088       0x10 main.o
 .debug_ranges  0x00000098       0x58 printf-stdarg.o
 .debug_ranges  0x000000f0       0x10 sam_led.o
 .debug_ranges  0x00000100       0x28 uart.o

.debug_macro    0x00000000    0x120b9
 .debug_macro   0x00000000      0x37f can_controller.o
 .debug_macro   0x0000037f      0x8b0 can_controller.o
 .debug_macro   0x00000c2f       0x22 can_controller.o
 .debug_macro   0x00000c51       0x87 can_controller.o
 .debug_macro   0x00000cd8       0x51 can_controller.o
 .debug_macro   0x00000d29       0xef can_controller.o
 .debug_macro   0x00000e18       0x6a can_controller.o
 .debug_macro   0x00000e82      0x1df can_controller.o
 .debug_macro   0x00001061       0x26 can_controller.o
 .debug_macro   0x00001087       0x1c can_controller.o
 .debug_macro   0x000010a3       0x22 can_controller.o
 .debug_macro   0x000010c5       0xc3 can_controller.o
 .debug_macro   0x00001188      0xe49 can_controller.o
 .debug_macro   0x00001fd1      0x11f can_controller.o
 .debug_macro   0x000020f0      0xa7d can_controller.o
 .debug_macro   0x00002b6d      0x55a can_controller.o
 .debug_macro   0x000030c7      0x1a8 can_controller.o
 .debug_macro   0x0000326f      0x30b can_controller.o
 .debug_macro   0x0000357a      0x709 can_controller.o
 .debug_macro   0x00003c83       0xd6 can_controller.o
 .debug_macro   0x00003d59      0x56c can_controller.o
 .debug_macro   0x000042c5       0x1c can_controller.o
 .debug_macro   0x000042e1      0x678 can_controller.o
 .debug_macro   0x00004959      0x51e can_controller.o
 .debug_macro   0x00004e77       0xbe can_controller.o
 .debug_macro   0x00004f35     0x2333 can_controller.o
 .debug_macro   0x00007268      0x7d1 can_controller.o
 .debug_macro   0x00007a39      0xdbb can_controller.o
 .debug_macro   0x000087f4       0x9a can_controller.o
 .debug_macro   0x0000888e      0x29c can_controller.o
 .debug_macro   0x00008b2a       0x58 can_controller.o
 .debug_macro   0x00008b82      0x999 can_controller.o
 .debug_macro   0x0000951b      0x22d can_controller.o
 .debug_macro   0x00009748      0x4b4 can_controller.o
 .debug_macro   0x00009bfc      0x64a can_controller.o
 .debug_macro   0x0000a246      0x590 can_controller.o
 .debug_macro   0x0000a7d6       0x46 can_controller.o
 .debug_macro   0x0000a81c      0x33f can_controller.o
 .debug_macro   0x0000ab5b      0x27e can_controller.o
 .debug_macro   0x0000add9     0x14dc can_controller.o
 .debug_macro   0x0000c2b5      0x7cf can_controller.o
 .debug_macro   0x0000ca84       0x76 can_controller.o
 .debug_macro   0x0000cafa       0x82 can_controller.o
 .debug_macro   0x0000cb7c       0x76 can_controller.o
 .debug_macro   0x0000cbf2       0x4c can_controller.o
 .debug_macro   0x0000cc3e      0x100 can_controller.o
 .debug_macro   0x0000cd3e      0x100 can_controller.o
 .debug_macro   0x0000ce3e      0x100 can_controller.o
 .debug_macro   0x0000cf3e       0x88 can_controller.o
 .debug_macro   0x0000cfc6       0x88 can_controller.o
 .debug_macro   0x0000d04e      0x3b4 can_controller.o
 .debug_macro   0x0000d402       0xbe can_controller.o
 .debug_macro   0x0000d4c0       0xbe can_controller.o
 .debug_macro   0x0000d57e       0xbe can_controller.o
 .debug_macro   0x0000d63c       0xbe can_controller.o
 .debug_macro   0x0000d6fa      0x2b8 can_controller.o
 .debug_macro   0x0000d9b2      0x118 can_controller.o
 .debug_macro   0x0000daca      0x216 can_controller.o
 .debug_macro   0x0000dce0      0x216 can_controller.o
 .debug_macro   0x0000def6       0x2e can_controller.o
 .debug_macro   0x0000df24       0xac can_controller.o
 .debug_macro   0x0000dfd0      0x13e can_controller.o
 .debug_macro   0x0000e10e       0x7c can_controller.o
 .debug_macro   0x0000e18a      0x1f6 can_controller.o
 .debug_macro   0x0000e380       0x64 can_controller.o
 .debug_macro   0x0000e3e4       0xa6 can_controller.o
 .debug_macro   0x0000e48a       0x7c can_controller.o
 .debug_macro   0x0000e506       0x16 can_controller.o
 .debug_macro   0x0000e51c       0x22 can_controller.o
 .debug_macro   0x0000e53e       0x22 can_controller.o
 .debug_macro   0x0000e560      0x10c can_controller.o
 .debug_macro   0x0000e66c      0x10c can_controller.o
 .debug_macro   0x0000e778      0x10c can_controller.o
 .debug_macro   0x0000e884      0x10c can_controller.o
 .debug_macro   0x0000e990       0x1c can_controller.o
 .debug_macro   0x0000e9ac       0x2e can_controller.o
 .debug_macro   0x0000e9da       0x22 can_controller.o
 .debug_macro   0x0000e9fc       0x1c can_controller.o
 .debug_macro   0x0000ea18       0x58 can_controller.o
 .debug_macro   0x0000ea70       0x10 can_controller.o
 .debug_macro   0x0000ea80      0x27a can_controller.o
 .debug_macro   0x0000ecfa      0xd34 can_controller.o
 .debug_macro   0x0000fa2e      0x170 can_controller.o
 .debug_macro   0x0000fb9e      0x4dd can_interrupt.o
 .debug_macro   0x0001007b       0x52 can_interrupt.o
 .debug_macro   0x000100cd       0x8d can_interrupt.o
 .debug_macro   0x0001015a       0x35 can_interrupt.o
 .debug_macro   0x0001018f       0x9c can_interrupt.o
 .debug_macro   0x0001022b       0x16 can_interrupt.o
 .debug_macro   0x00010241       0x57 can_interrupt.o
 .debug_macro   0x00010298       0x97 can_interrupt.o
 .debug_macro   0x0001032f      0x353 can_interrupt.o
 .debug_macro   0x00010682       0xf6 can_interrupt.o
 .debug_macro   0x00010778       0x10 can_interrupt.o
 .debug_macro   0x00010788       0x58 can_interrupt.o
 .debug_macro   0x000107e0       0x1f can_interrupt.o
 .debug_macro   0x000107ff       0x43 can_interrupt.o
 .debug_macro   0x00010842       0x20 can_interrupt.o
 .debug_macro   0x00010862      0x187 can_interrupt.o
 .debug_macro   0x000109e9       0x10 can_interrupt.o
 .debug_macro   0x000109f9       0x1c can_interrupt.o
 .debug_macro   0x00010a15       0x52 can_interrupt.o
 .debug_macro   0x00010a67       0x40 can_interrupt.o
 .debug_macro   0x00010aa7       0x10 can_interrupt.o
 .debug_macro   0x00010ab7       0x40 can_interrupt.o
 .debug_macro   0x00010af7       0xd7 can_interrupt.o
 .debug_macro   0x00010bce       0x16 can_interrupt.o
 .debug_macro   0x00010be4      0x18b can_interrupt.o
 .debug_macro   0x00010d6f       0x20 can_interrupt.o
 .debug_macro   0x00010d8f       0xbd can_interrupt.o
 .debug_macro   0x00010e4c      0x371 Device_Startup/startup_sam3xa.o
 .debug_macro   0x000111bd      0x383 Device_Startup/system_sam3xa.o
 .debug_macro   0x00011540      0x394 main.o
 .debug_macro   0x000118d4       0x10 main.o
 .debug_macro   0x000118e4       0x8e printf-stdarg.o
 .debug_macro   0x00011972       0x58 printf-stdarg.o
 .debug_macro   0x000119ca      0x37b sam_led.o
 .debug_macro   0x00011d45      0x374 uart.o

.debug_line     0x00000000     0x385b
 .debug_line    0x00000000      0x7de can_controller.o
 .debug_line    0x000007de      0x87f can_interrupt.o
 .debug_line    0x0000105d      0x728 Device_Startup/startup_sam3xa.o
 .debug_line    0x00001785      0x785 Device_Startup/system_sam3xa.o
 .debug_line    0x00001f0a      0x71f main.o
 .debug_line    0x00002629      0x3cb printf-stdarg.o
 .debug_line    0x000029f4      0x6fe sam_led.o
 .debug_line    0x000030f2      0x769 uart.o

.debug_str      0x00000000    0x54fd6
 .debug_str     0x00000000    0x5051d can_controller.o
                              0x506f2 (size before relaxing)
 .debug_str     0x0005051d     0x40c2 can_interrupt.o
                              0x54508 (size before relaxing)
 .debug_str     0x000545df      0x506 Device_Startup/startup_sam3xa.o
                              0x504c5 (size before relaxing)
 .debug_str     0x00054ae5      0x195 Device_Startup/system_sam3xa.o
                              0x50258 (size before relaxing)
 .debug_str     0x00054c7a       0xd0 main.o
                              0x501c1 (size before relaxing)
 .debug_str     0x00054d4a      0x17a printf-stdarg.o
                               0x364b (size before relaxing)
 .debug_str     0x00054ec4        0xf sam_led.o
                              0x50294 (size before relaxing)
 .debug_str     0x00054ed3      0x103 uart.o
                              0x506a2 (size before relaxing)

.debug_frame    0x00000000      0x4ac
 .debug_frame   0x00000000       0x80 can_controller.o
 .debug_frame   0x00000080       0x30 can_interrupt.o
 .debug_frame   0x000000b0       0x38 Device_Startup/startup_sam3xa.o
 .debug_frame   0x000000e8       0x40 Device_Startup/system_sam3xa.o
 .debug_frame   0x00000128       0x28 main.o
 .debug_frame   0x00000150      0x124 printf-stdarg.o
 .debug_frame   0x00000274       0x20 sam_led.o
 .debug_frame   0x00000294       0x58 uart.o
 .debug_frame   0x000002ec       0x2c c:/program files (x86)/atmel/studio/7.0/toolchain/arm/arm-gnu-toolchain/bin/../lib/gcc/arm-none-eabi/6.3.1/../../../../arm-none-eabi/lib/thumb/v7-m\libc.a(lib_a-init.o)
 .debug_frame   0x00000318       0x5c c:/program files (x86)/atmel/studio/7.0/toolchain/arm/arm-gnu-toolchain/bin/../lib/gcc/arm-none-eabi/6.3.1/../../../../arm-none-eabi/lib/thumb/v7-m\libc.a(lib_a-__call_atexit.o)
 .debug_frame   0x00000374       0x20 c:/program files (x86)/atmel/studio/7.0/toolchain/arm/arm-gnu-toolchain/bin/../lib/gcc/arm-none-eabi/6.3.1/../../../../arm-none-eabi/lib/thumb/v7-m\libc.a(lib_a-atexit.o)
 .debug_frame   0x00000394       0x34 c:/program files (x86)/atmel/studio/7.0/toolchain/arm/arm-gnu-toolchain/bin/../lib/gcc/arm-none-eabi/6.3.1/../../../../arm-none-eabi/lib/thumb/v7-m\libc.a(lib_a-fini.o)
 .debug_frame   0x000003c8       0xb0 c:/program files (x86)/atmel/studio/7.0/toolchain/arm/arm-gnu-toolchain/bin/../lib/gcc/arm-none-eabi/6.3.1/../../../../arm-none-eabi/lib/thumb/v7-m\libc.a(lib_a-lock.o)
 .debug_frame   0x00000478       0x34 c:/program files (x86)/atmel/studio/7.0/toolchain/arm/arm-gnu-toolchain/bin/../lib/gcc/arm-none-eabi/6.3.1/../../../../arm-none-eabi/lib/thumb/v7-m\libc.a(lib_a-__atexit.o)
